Archive member included to satisfy reference by file (symbol)

c:/stm32toolchain/gcc-arm/bin/../lib/gcc/arm-none-eabi/11.2.1/thumb/v7e-m/nofp\libg_nano.a(lib_a-errno.o)
                              ./system/src/newlib/_sbrk.o (__errno)
c:/stm32toolchain/gcc-arm/bin/../lib/gcc/arm-none-eabi/11.2.1/thumb/v7e-m/nofp\libg_nano.a(lib_a-impure.o)
                              c:/stm32toolchain/gcc-arm/bin/../lib/gcc/arm-none-eabi/11.2.1/thumb/v7e-m/nofp\libg_nano.a(lib_a-errno.o) (_impure_ptr)

Discarded input sections

 .group         0x00000000        0xc ./system/src/stm32f4-hal/stm32f4xx_hal.o
 .group         0x00000000        0xc ./system/src/stm32f4-hal/stm32f4xx_hal.o
 .group         0x00000000        0xc ./system/src/stm32f4-hal/stm32f4xx_hal.o
 .group         0x00000000        0xc ./system/src/stm32f4-hal/stm32f4xx_hal.o
 .group         0x00000000        0xc ./system/src/stm32f4-hal/stm32f4xx_hal.o
 .group         0x00000000        0xc ./system/src/stm32f4-hal/stm32f4xx_hal.o
 .group         0x00000000        0xc ./system/src/stm32f4-hal/stm32f4xx_hal.o
 .group         0x00000000        0xc ./system/src/stm32f4-hal/stm32f4xx_hal.o
 .group         0x00000000        0xc ./system/src/stm32f4-hal/stm32f4xx_hal.o
 .group         0x00000000        0xc ./system/src/stm32f4-hal/stm32f4xx_hal.o
 .group         0x00000000        0xc ./system/src/stm32f4-hal/stm32f4xx_hal.o
 .group         0x00000000        0xc ./system/src/stm32f4-hal/stm32f4xx_hal.o
 .group         0x00000000        0xc ./system/src/stm32f4-hal/stm32f4xx_hal.o
 .group         0x00000000        0xc ./system/src/stm32f4-hal/stm32f4xx_hal.o
 .group         0x00000000        0xc ./system/src/stm32f4-hal/stm32f4xx_hal.o
 .group         0x00000000        0xc ./system/src/stm32f4-hal/stm32f4xx_hal.o
 .group         0x00000000        0xc ./system/src/stm32f4-hal/stm32f4xx_hal.o
 .group         0x00000000        0xc ./system/src/stm32f4-hal/stm32f4xx_hal.o
 .group         0x00000000        0xc ./system/src/stm32f4-hal/stm32f4xx_hal.o
 .group         0x00000000        0xc ./system/src/stm32f4-hal/stm32f4xx_hal.o
 .group         0x00000000        0xc ./system/src/stm32f4-hal/stm32f4xx_hal.o
 .group         0x00000000        0xc ./system/src/stm32f4-hal/stm32f4xx_hal.o
 .group         0x00000000        0xc ./system/src/stm32f4-hal/stm32f4xx_hal.o
 .group         0x00000000        0xc ./system/src/stm32f4-hal/stm32f4xx_hal.o
 .group         0x00000000        0xc ./system/src/stm32f4-hal/stm32f4xx_hal.o
 .group         0x00000000        0xc ./system/src/stm32f4-hal/stm32f4xx_hal.o
 .group         0x00000000        0xc ./system/src/stm32f4-hal/stm32f4xx_hal.o
 .group         0x00000000        0xc ./system/src/stm32f4-hal/stm32f4xx_hal.o
 .group         0x00000000        0xc ./system/src/stm32f4-hal/stm32f4xx_hal.o
 .group         0x00000000        0xc ./system/src/stm32f4-hal/stm32f4xx_hal.o
 .group         0x00000000        0xc ./system/src/stm32f4-hal/stm32f4xx_hal.o
 .group         0x00000000        0xc ./system/src/stm32f4-hal/stm32f4xx_hal.o
 .group         0x00000000        0xc ./system/src/stm32f4-hal/stm32f4xx_hal.o
 .group         0x00000000        0xc ./system/src/stm32f4-hal/stm32f4xx_hal.o
 .group         0x00000000        0xc ./system/src/stm32f4-hal/stm32f4xx_hal.o
 .group         0x00000000        0xc ./system/src/stm32f4-hal/stm32f4xx_hal.o
 .group         0x00000000        0xc ./system/src/stm32f4-hal/stm32f4xx_hal.o
 .group         0x00000000        0xc ./system/src/stm32f4-hal/stm32f4xx_hal.o
 .group         0x00000000        0xc ./system/src/stm32f4-hal/stm32f4xx_hal.o
 .group         0x00000000        0xc ./system/src/stm32f4-hal/stm32f4xx_hal.o
 .group         0x00000000        0xc ./system/src/stm32f4-hal/stm32f4xx_hal.o
 .group         0x00000000        0xc ./system/src/stm32f4-hal/stm32f4xx_hal.o
 .group         0x00000000        0xc ./system/src/stm32f4-hal/stm32f4xx_hal.o
 .group         0x00000000        0xc ./system/src/stm32f4-hal/stm32f4xx_hal.o
 .group         0x00000000        0xc ./system/src/stm32f4-hal/stm32f4xx_hal.o
 .group         0x00000000        0xc ./system/src/stm32f4-hal/stm32f4xx_hal.o
 .group         0x00000000        0xc ./system/src/stm32f4-hal/stm32f4xx_hal.o
 .group         0x00000000        0xc ./system/src/stm32f4-hal/stm32f4xx_hal.o
 .group         0x00000000        0xc ./system/src/stm32f4-hal/stm32f4xx_hal.o
 .group         0x00000000        0xc ./system/src/stm32f4-hal/stm32f4xx_hal.o
 .group         0x00000000        0xc ./system/src/stm32f4-hal/stm32f4xx_hal.o
 .group         0x00000000        0xc ./system/src/stm32f4-hal/stm32f4xx_hal.o
 .group         0x00000000        0xc ./system/src/stm32f4-hal/stm32f4xx_hal.o
 .group         0x00000000        0xc ./system/src/stm32f4-hal/stm32f4xx_hal.o
 .group         0x00000000        0xc ./system/src/stm32f4-hal/stm32f4xx_hal.o
 .group         0x00000000        0xc ./system/src/stm32f4-hal/stm32f4xx_hal.o
[...]
Memory Configuration

Name             Origin             Length             Attributes
RAM              0x20000000         0x00020000         xrw
CCMRAM           0x10000000         0x00010000         xrw
FLASH            0x08000000         0x00080000         xr
FLASHB1          0x00000000         0x00000000         xr
EXTMEMB0         0x00000000         0x00000000         xr
EXTMEMB1         0x00000000         0x00000000         xr
EXTMEMB2         0x00000000         0x00000000         xr
EXTMEMB3         0x00000000         0x00000000         xr
MEMORY_ARRAY     0x20002000         0x00000020         xrw
*default*        0x00000000         0xffffffff

Linker script and memory map

LOAD ./system/src/stm32f4-hal/stm32f4xx_hal.o
LOAD ./system/src/stm32f4-hal/stm32f4xx_hal_cortex.o
LOAD ./system/src/stm32f4-hal/stm32f4xx_hal_dfsdm.o
LOAD ./system/src/stm32f4-hal/stm32f4xx_hal_flash.o
LOAD ./system/src/stm32f4-hal/stm32f4xx_hal_gpio.o
LOAD ./system/src/stm32f4-hal/stm32f4xx_hal_iwdg.o
LOAD ./system/src/stm32f4-hal/stm32f4xx_hal_pwr.o
LOAD ./system/src/stm32f4-hal/stm32f4xx_hal_rcc.o
LOAD ./system/src/newlib/_cxx.o
LOAD ./system/src/newlib/_exit.o
LOAD ./system/src/newlib/_sbrk.o
LOAD ./system/src/newlib/_startup.o
LOAD ./system/src/newlib/_syscalls.o
LOAD ./system/src/newlib/assert.o
LOAD ./system/src/diag/Trace.o
LOAD ./system/src/diag/trace_impl.o
LOAD ./system/src/cortexm/_initialize_hardware.o
LOAD ./system/src/cortexm/_reset_hardware.o
LOAD ./system/src/cortexm/exception_handlers.o
LOAD ./system/src/cmsis/system_stm32f4xx.o
LOAD ./system/src/cmsis/vectors_stm32f407xx.o
LOAD ./src/BlinkLed.o
LOAD ./src/Timer.o
LOAD ./src/_initialize_hardware.o
LOAD ./src/_write.o
LOAD ./src/main.o
LOAD ./src/stm32f4xx_hal_msp.o
LOAD c:/stm32toolchain/gcc-arm/bin/../lib/gcc/arm-none-eabi/11.2.1/thumb/v7e-m/nofp\libstdc++_nano.a
LOAD c:/stm32toolchain/gcc-arm/bin/../lib/gcc/arm-none-eabi/11.2.1/thumb/v7e-m/nofp\libm.a
START GROUP
LOAD c:/stm32toolchain/gcc-arm/bin/../lib/gcc/arm-none-eabi/11.2.1/thumb/v7e-m/nofp\libgcc.a
LOAD c:/stm32toolchain/gcc-arm/bin/../lib/gcc/arm-none-eabi/11.2.1/thumb/v7e-m/nofp\libg_nano.a
LOAD c:/stm32toolchain/gcc-arm/bin/../lib/gcc/arm-none-eabi/11.2.1/thumb/v7e-m/nofp\libc_nano.a
END GROUP
START GROUP
LOAD c:/stm32toolchain/gcc-arm/bin/../lib/gcc/arm-none-eabi/11.2.1/thumb/v7e-m/nofp\libgcc.a
LOAD c:/stm32toolchain/gcc-arm/bin/../lib/gcc/arm-none-eabi/11.2.1/thumb/v7e-m/nofp\libc_nano.a
END GROUP
                0x20020000                __stack = (ORIGIN (RAM) + LENGTH (RAM))
                0x20020000                _estack = __stack
                0x00000400                __Main_Stack_Size = 0x400
                [!provide]                PROVIDE (_Main_Stack_Size = __Main_Stack_Size)
                0x2001fc00                __Main_Stack_Limit = (__stack - __Main_Stack_Size)
                [!provide]                PROVIDE (_Main_Stack_Limit = __Main_Stack_Limit)
                0x00000100                _Minimum_Stack_Size = 0x100
                0x20000028                PROVIDE (_Heap_Begin = _end_noinit)
                0x2001fc00                PROVIDE (_Heap_Limit = (__stack - __Main_Stack_Size))

.isr_vector     0x08000000      0x32c
 FILL mask 0xff
                0x08000000                __vectors_start = ABSOLUTE (.)
                0x08000000                __vectors_start__ = ABSOLUTE (.)
 *(.isr_vector)
 .isr_vector    0x08000000      0x188 ./system/src/cmsis/vectors_stm32f407xx.o
                0x08000000                __isr_vectors
 *(.cfmconfig)
 *(.after_vectors .after_vectors.*)
 .after_vectors
                0x08000188      0x130 ./system/src/newlib/_startup.o
                0x08000188                _start
 .after_vectors
                0x080002b8       0x70 ./system/src/cortexm/exception_handlers.o
                0x080002b8                Reset_Handler
                0x080002be                NMI_Handler
                0x080002c2                HardFault_Handler
                0x080002d6                HardFault_Handler_C
                0x080002da                MemManage_Handler
                0x080002de                BusFault_Handler
                0x080002f2                BusFault_Handler_C
                0x080002f6                UsageFault_Handler
                0x0800030a                UsageFault_Handler_C
                0x0800030e                SVC_Handler
                0x08000312                DebugMon_Handler
                0x08000316                PendSV_Handler
 .after_vectors
                0x08000328        0x4 ./system/src/cmsis/vectors_stm32f407xx.o
                0x08000328                RTC_Alarm_IRQHandler
                0x08000328                HASH_RNG_IRQHandler
                0x08000328                EXTI2_IRQHandler
                0x08000328                TIM8_CC_IRQHandler
                0x08000328                TIM1_CC_IRQHandler
                0x08000328                DMA2_Stream5_IRQHandler
                0x08000328                DMA1_Stream5_IRQHandler
                0x08000328                PVD_IRQHandler
                0x08000328                SDIO_IRQHandler
                0x08000328                TAMP_STAMP_IRQHandler
                0x08000328                CAN2_RX1_IRQHandler
                0x08000328                EXTI3_IRQHandler
                0x08000328                TIM8_TRG_COM_TIM14_IRQHandler
                0x08000328                TIM1_UP_TIM10_IRQHandler
                0x08000328                TIM8_UP_TIM13_IRQHandler
                0x08000328                I2C3_ER_IRQHandler
                0x08000328                EXTI0_IRQHandler
                0x08000328                I2C2_EV_IRQHandler
                0x08000328                DMA1_Stream2_IRQHandler
                0x08000328                CAN1_RX0_IRQHandler
                0x08000328                FPU_IRQHandler
                0x08000328                OTG_HS_WKUP_IRQHandler
                0x08000328                CAN2_SCE_IRQHandler
                0x08000328                DMA2_Stream2_IRQHandler
                0x08000328                SPI1_IRQHandler
                0x08000328                TIM6_DAC_IRQHandler
                0x08000328                TIM1_BRK_TIM9_IRQHandler
                0x08000328                DCMI_IRQHandler
                0x08000328                CAN2_RX0_IRQHandler
                0x08000328                DMA2_Stream3_IRQHandler
                0x08000328                USART6_IRQHandler
                0x08000328                USART3_IRQHandler
                0x08000328                CAN1_RX1_IRQHandler
                0x08000328                UART5_IRQHandler
                0x08000328                DMA2_Stream0_IRQHandler
                0x08000328                TIM4_IRQHandler
                0x08000328                I2C1_EV_IRQHandler
                0x08000328                DMA1_Stream6_IRQHandler
                0x08000328                DMA1_Stream1_IRQHandler
                0x08000328                UART4_IRQHandler
                0x08000328                TIM3_IRQHandler
                0x08000328                RCC_IRQHandler
                0x08000328                TIM8_BRK_TIM12_IRQHandler
                0x08000328                Default_Handler
                0x08000328                EXTI15_10_IRQHandler
                0x08000328                ADC_IRQHandler
                0x08000328                DMA1_Stream7_IRQHandler
                0x08000328                TIM7_IRQHandler
                0x08000328                CAN2_TX_IRQHandler
                0x08000328                TIM5_IRQHandler
                0x08000328                DMA2_Stream7_IRQHandler
                0x08000328                I2C3_EV_IRQHandler
                0x08000328                EXTI9_5_IRQHandler
                0x08000328                RTC_WKUP_IRQHandler
                0x08000328                ETH_WKUP_IRQHandler
                0x08000328                SPI2_IRQHandler
                0x08000328                OTG_HS_EP1_IN_IRQHandler
                0x08000328                DMA1_Stream0_IRQHandler
                0x08000328                CAN1_TX_IRQHandler
                0x08000328                EXTI4_IRQHandler
                0x08000328                ETH_IRQHandler
                0x08000328                OTG_HS_EP1_OUT_IRQHandler
                0x08000328                WWDG_IRQHandler
                0x08000328                TIM2_IRQHandler
                0x08000328                OTG_FS_WKUP_IRQHandler
                0x08000328                TIM1_TRG_COM_TIM11_IRQHandler
                0x08000328                OTG_HS_IRQHandler
                0x08000328                EXTI1_IRQHandler
                0x08000328                USART2_IRQHandler
                0x08000328                I2C2_ER_IRQHandler
                0x08000328                DMA2_Stream1_IRQHandler
                0x08000328                CAN1_SCE_IRQHandler
                0x08000328                FLASH_IRQHandler
                0x08000328                DMA2_Stream4_IRQHandler
                0x08000328                USART1_IRQHandler
                0x08000328                OTG_FS_IRQHandler
                0x08000328                SPI3_IRQHandler
                0x08000328                DMA1_Stream4_IRQHandler
                0x08000328                I2C1_ER_IRQHandler
                0x08000328                FMC_IRQHandler
                0x08000328                DMA2_Stream6_IRQHandler
                0x08000328                DMA1_Stream3_IRQHandler

.inits          0x0800032c       0x28
                0x0800032c                __data_regions_array_start = .
                0x0800032c        0x4 LONG 0x80012b4 LOADADDR (.data)
                0x08000330        0x4 LONG 0x20000000 ADDR (.data)
                0x08000334        0x4 LONG 0x20000014 (ADDR (.data) + SIZEOF (.data))
                0x08000338        0x4 LONG 0x80012b4 LOADADDR (.data_CCMRAM)
                0x0800033c        0x4 LONG 0x10000000 ADDR (.data_CCMRAM)
                0x08000340        0x4 LONG 0x10000000 (ADDR (.data_CCMRAM) + SIZEOF (.data_CCMRAM))
                0x08000344                __data_regions_array_end = .
                0x08000344                __bss_regions_array_start = .
                0x08000344        0x4 LONG 0x20000014 ADDR (.bss)
                0x08000348        0x4 LONG 0x20000028 (ADDR (.bss) + SIZEOF (.bss))
                0x0800034c        0x4 LONG 0x10000000 ADDR (.bss_CCMRAM)
                0x08000350        0x4 LONG 0x10000000 (ADDR (.bss_CCMRAM) + SIZEOF (.bss_CCMRAM))
                0x08000354                __bss_regions_array_end = .
 *(.init)
 *(.fini)
                0x08000354                . = ALIGN (0x4)
                0x08000354                PROVIDE (__preinit_array_start = .)
 *(.preinit_array_sysinit .preinit_array_sysinit.*)
 *(.preinit_array_platform .preinit_array_platform.*)
 *(.preinit_array .preinit_array.*)
                0x08000354                PROVIDE (__preinit_array_end = .)
                0x08000354                . = ALIGN (0x4)
                0x08000354                PROVIDE (__init_array_start = .)
 *(SORT_BY_NAME(.init_array.*))
 *(.init_array)
                0x08000354                PROVIDE (__init_array_end = .)
                0x08000354                . = ALIGN (0x4)
                0x08000354                PROVIDE (__fini_array_start = .)
 *(SORT_BY_NAME(.fini_array.*))
 *(.fini_array)
                0x08000354                PROVIDE (__fini_array_end = .)

.flashtext
 *(.flashtext .flashtext.*)

.text           0x08000354      0xf60
 *(.text .text.*)
 .text.HAL_InitTick
                0x08000354       0x2c ./system/src/stm32f4-hal/stm32f4xx_hal.o
                0x08000354                HAL_InitTick
 .text.HAL_Init
                0x08000380       0x34 ./system/src/stm32f4-hal/stm32f4xx_hal.o
                0x08000380                HAL_Init
 .text.HAL_IncTick
                0x080003b4       0x10 ./system/src/stm32f4-hal/stm32f4xx_hal.o
                0x080003b4                HAL_IncTick
 .text.HAL_GetTick
                0x080003c4        0xc ./system/src/stm32f4-hal/stm32f4xx_hal.o
                0x080003c4                HAL_GetTick
 .text.HAL_NVIC_SetPriorityGrouping
                0x080003d0       0x3c ./system/src/stm32f4-hal/stm32f4xx_hal_cortex.o
                0x080003d0                HAL_NVIC_SetPriorityGrouping
 .text.HAL_NVIC_SetPriority
                0x0800040c       0x8c ./system/src/stm32f4-hal/stm32f4xx_hal_cortex.o
                0x0800040c                HAL_NVIC_SetPriority
 .text.HAL_SYSTICK_Config
                0x08000498       0x28 ./system/src/stm32f4-hal/stm32f4xx_hal_cortex.o
                0x08000498                HAL_SYSTICK_Config
 .text.HAL_SYSTICK_CLKSourceConfig
                0x080004c0       0x3c ./system/src/stm32f4-hal/stm32f4xx_hal_cortex.o
                0x080004c0                HAL_SYSTICK_CLKSourceConfig
 .text.HAL_GPIO_Init
                0x080004fc      0x2dc ./system/src/stm32f4-hal/stm32f4xx_hal_gpio.o
                0x080004fc                HAL_GPIO_Init
 .text.HAL_GPIO_WritePin
                0x080007d8       0x38 ./system/src/stm32f4-hal/stm32f4xx_hal_gpio.o
                0x080007d8                HAL_GPIO_WritePin
 .text.HAL_RCC_OscConfig
                0x08000810      0x438 ./system/src/stm32f4-hal/stm32f4xx_hal_rcc.o
                0x08000810                HAL_RCC_OscConfig
 .text.HAL_RCC_GetSysClockFreq
                0x08000c48       0x98 ./system/src/stm32f4-hal/stm32f4xx_hal_rcc.o
                0x08000c48                HAL_RCC_GetSysClockFreq
 .text.HAL_RCC_ClockConfig
                0x08000ce0      0x260 ./system/src/stm32f4-hal/stm32f4xx_hal_rcc.o
                0x08000ce0                HAL_RCC_ClockConfig
 .text.HAL_RCC_GetHCLKFreq
                0x08000f40        0xc ./system/src/stm32f4-hal/stm32f4xx_hal_rcc.o
                0x08000f40                HAL_RCC_GetHCLKFreq
 .text._exit    0x08000f4c        0x2 ./system/src/newlib/_exit.o
                0x08000f4c                _exit
 .text.abort    0x08000f4e        0x8 ./system/src/newlib/_exit.o
                0x08000f4e                abort
 *fill*         0x08000f56        0x2 
 .text.__initialize_args
                0x08000f58       0x10 ./system/src/newlib/_syscalls.o
                0x08000f58                __initialize_args
 .text.assert_failed
                0x08000f68        0x6 ./system/src/newlib/assert.o
                0x08000f68                assert_failed
 *fill*         0x08000f6e        0x2 
 .text.__initialize_hardware_early
                0x08000f70       0x18 ./system/src/cortexm/_initialize_hardware.o
                0x08000f70                __initialize_hardware_early
 .text.SystemInit
                0x08000f88       0x40 ./system/src/cmsis/system_stm32f4xx.o
                0x08000f88                SystemInit
 .text.SystemCoreClockUpdate
                0x08000fc8       0xa0 ./system/src/cmsis/system_stm32f4xx.o
                0x08000fc8                SystemCoreClockUpdate
 .text.blink_led_init
                0x08001068       0x3c ./src/BlinkLed.o
                0x08001068                blink_led_init
 .text.timer_start
                0x080010a4       0x38 ./src/Timer.o
                0x080010a4                timer_start
 .text.timer_sleep
                0x080010dc       0x14 ./src/Timer.o
                0x080010dc                timer_sleep
 .text.timer_tick
                0x080010f0       0x14 ./src/Timer.o
                0x080010f0                timer_tick
 .text.SysTick_Handler
                0x08001104        0xc ./src/Timer.o
                0x08001104                SysTick_Handler
 .text.SystemClock_Config
                0x08001110       0x9c ./src/_initialize_hardware.o
                0x08001110                SystemClock_Config
 .text.__initialize_hardware
                0x080011ac       0x10 ./src/_initialize_hardware.o
                0x080011ac                __initialize_hardware
 .text.main     0x080011bc       0x40 ./src/main.o
                0x080011bc                main
 .text.HAL_MspInit
                0x080011fc        0x2 ./src/stm32f4xx_hal_msp.o
                0x080011fc                HAL_MspInit
 *(.rodata .rodata.* .constdata .constdata.*)
 *fill*         0x080011fe        0x2 
 .rodata.HAL_NVIC_SetPriorityGrouping.str1.4
                0x08001200       0x31 ./system/src/stm32f4-hal/stm32f4xx_hal_cortex.o
 *fill*         0x08001231        0x3 
 .rodata.HAL_GPIO_Init.str1.4
                0x08001234       0x2f ./system/src/stm32f4-hal/stm32f4xx_hal_gpio.o
 *fill*         0x08001263        0x1 
 .rodata.HAL_RCC_OscConfig.str1.4
                0x08001264       0x2e ./system/src/stm32f4-hal/stm32f4xx_hal_rcc.o
 *fill*         0x08001292        0x2 
 .rodata.APBAHBPrescTable
                0x08001294       0x10 ./system/src/stm32f4-hal/stm32f4xx_hal_rcc.o
                0x08001294                APBAHBPrescTable
 .rodata.AHBPrescTable
                0x080012a4       0x10 ./system/src/cmsis/system_stm32f4xx.o
                0x080012a4                AHBPrescTable
 *(vtable)
 *(.eh_frame*)
 *(.glue_7)
 .glue_7        0x080012b4        0x0 linker stubs
 *(.glue_7t)
 .glue_7t       0x080012b4        0x0 linker stubs

.vfp11_veneer   0x080012b4        0x0
 .vfp11_veneer  0x080012b4        0x0 linker stubs

.v4_bx          0x080012b4        0x0
 .v4_bx         0x080012b4        0x0 linker stubs

.iplt           0x080012b4        0x0
 .iplt          0x080012b4        0x0 ./system/src/stm32f4-hal/stm32f4xx_hal.o

.rel.dyn        0x080012b4        0x0
 .rel.iplt      0x080012b4        0x0 ./system/src/stm32f4-hal/stm32f4xx_hal.o

.ARM.extab
 *(.ARM.extab* .gnu.linkonce.armextab.*)
                0x080012b4                . = ALIGN (0x4)
                0x080012b4                __exidx_start = .

.ARM.exidx
 *(.ARM.exidx* .gnu.linkonce.armexidx.*)
                0x080012b4                __exidx_end = .
                0x080012b4                . = ALIGN (0x4)
                0x080012b4                _etext = .
                0x080012b4                __etext = .

.data_CCMRAM    0x10000000        0x0 load address 0x080012b4
 FILL mask 0xff
 *(.data.CCMRAM .data.CCMRAM.*)
                0x10000000                . = ALIGN (0x4)
                0x080012b4                _sidata = LOADADDR (.data)

.data           0x20000000       0x14 load address 0x080012b4
 FILL mask 0xff
                0x20000000                _sdata = .
                0x20000000                __data_start__ = .
 *(.data_begin .data_begin.*)
 .data_begin    0x20000000        0x4 ./system/src/newlib/_startup.o
 *(.data .data.*)
 .data.argv.1   0x20000004        0x8 ./system/src/newlib/_syscalls.o
 .data.SystemCoreClock
                0x2000000c        0x4 ./system/src/cmsis/system_stm32f4xx.o
                0x2000000c                SystemCoreClock
 *(.data_end .data_end.*)
 .data_end      0x20000010        0x4 ./system/src/newlib/_startup.o
                0x20000014                . = ALIGN (0x4)
                0x20000014                _edata = .
                0x20000014                __data_end__ = .

.igot.plt       0x20000014        0x0 load address 0x080012c8
 .igot.plt      0x20000014        0x0 ./system/src/stm32f4-hal/stm32f4xx_hal.o

.bss_CCMRAM     0x10000000        0x0
 *(.bss.CCMRAM .bss.CCMRAM.*)

.bss            0x20000014       0x14
                0x20000014                __bss_start__ = .
                0x20000014                _sbss = .
 *(.bss_begin .bss_begin.*)
 .bss_begin     0x20000014        0x4 ./system/src/newlib/_startup.o
 *(.bss .bss.*)
 .bss.uwTick    0x20000018        0x4 ./system/src/stm32f4-hal/stm32f4xx_hal.o
                0x20000018                uwTick
 .bss.name.0    0x2000001c        0x1 ./system/src/newlib/_syscalls.o
 *fill*         0x2000001d        0x3 
 .bss.timer_delayCount
                0x20000020        0x4 ./src/Timer.o
                0x20000020                timer_delayCount
 *(COMMON)
 *(.bss_end .bss_end.*)
 .bss_end       0x20000024        0x4 ./system/src/newlib/_startup.o
                0x20000028                . = ALIGN (0x4)
                0x20000028                __bss_end__ = .
                0x20000028                _ebss = .

.noinit_CCMRAM
 *(.noinit.CCMRAM .noinit.CCMRAM.*)

.noinit         0x20000028        0x0
                0x20000028                _noinit = .
 *(.noinit .noinit.*)
                0x20000028                . = ALIGN (0x4)
                0x20000028                _end_noinit = .
                [!provide]                PROVIDE (end = _end_noinit)
                [!provide]                PROVIDE (_end = _end_noinit)
                [!provide]                PROVIDE (__end = _end_noinit)
                [!provide]                PROVIDE (__end__ = _end_noinit)

._check_stack   0x20000028      0x100
                0x20000128                . = (. + _Minimum_Stack_Size)
 *fill*         0x20000028      0x100 

.b1text
 *(.b1text)
 *(.b1rodata)
 *(.b1rodata.*)

.eb0text
 *(.eb0text)
 *(.eb0rodata)
 *(.eb0rodata.*)

.eb1text
 *(.eb1text)
 *(.eb1rodata)
 *(.eb1rodata.*)

.eb2text
 *(.eb2text)
 *(.eb2rodata)
 *(.eb2rodata.*)

.eb3text
 *(.eb3text)
 *(.eb3rodata)
 *(.eb3rodata.*)

.stab
 *(.stab)

.stabstr
 *(.stabstr)

.stab.excl
 *(.stab.excl)

.stab.exclstr
 *(.stab.exclstr)

.stab.index
 *(.stab.index)

.stab.indexstr
 *(.stab.indexstr)

.comment        0x00000000       0x57
 *(.comment)
 .comment       0x00000000       0x57 ./system/src/stm32f4-hal/stm32f4xx_hal.o
                                 0x58 (size before relaxing)
 .comment       0x00000057       0x58 ./system/src/stm32f4-hal/stm32f4xx_hal_cortex.o
 .comment       0x00000057       0x58 ./system/src/stm32f4-hal/stm32f4xx_hal_gpio.o
 .comment       0x00000057       0x58 ./system/src/stm32f4-hal/stm32f4xx_hal_rcc.o
 .comment       0x00000057       0x58 ./system/src/newlib/_exit.o
 .comment       0x00000057       0x58 ./system/src/newlib/_startup.o
 .comment       0x00000057       0x58 ./system/src/newlib/_syscalls.o
 .comment       0x00000057       0x58 ./system/src/newlib/assert.o
 .comment       0x00000057       0x58 ./system/src/cortexm/_initialize_hardware.o
 .comment       0x00000057       0x58 ./system/src/cortexm/exception_handlers.o
 .comment       0x00000057       0x58 ./system/src/cmsis/system_stm32f4xx.o
 .comment       0x00000057       0x58 ./system/src/cmsis/vectors_stm32f407xx.o
 .comment       0x00000057       0x58 ./src/BlinkLed.o
 .comment       0x00000057       0x58 ./src/Timer.o
 .comment       0x00000057       0x58 ./src/_initialize_hardware.o
 .comment       0x00000057       0x58 ./src/main.o
 .comment       0x00000057       0x58 ./src/stm32f4xx_hal_msp.o

.ARM.attributes
                0x00000000       0x2e
 .ARM.attributes
                0x00000000       0x2e ./system/src/stm32f4-hal/stm32f4xx_hal.o
 .ARM.attributes
                0x0000002e       0x2e ./system/src/stm32f4-hal/stm32f4xx_hal_cortex.o
 .ARM.attributes
                0x0000005c       0x2e ./system/src/stm32f4-hal/stm32f4xx_hal_gpio.o
 .ARM.attributes
                0x0000008a       0x2e ./system/src/stm32f4-hal/stm32f4xx_hal_rcc.o
 .ARM.attributes
                0x000000b8       0x2e ./system/src/newlib/_exit.o
 .ARM.attributes
                0x000000e6       0x2e ./system/src/newlib/_startup.o
 .ARM.attributes
                0x00000114       0x2e ./system/src/newlib/_syscalls.o
 .ARM.attributes
                0x00000142       0x2e ./system/src/newlib/assert.o
 .ARM.attributes
                0x00000170       0x2e ./system/src/cortexm/_initialize_hardware.o
 .ARM.attributes
                0x0000019e       0x2e ./system/src/cortexm/exception_handlers.o
 .ARM.attributes
                0x000001cc       0x2e ./system/src/cmsis/system_stm32f4xx.o
 .ARM.attributes
                0x000001fa       0x2e ./system/src/cmsis/vectors_stm32f407xx.o
 .ARM.attributes
                0x00000228       0x2e ./src/BlinkLed.o
 .ARM.attributes
                0x00000256       0x2e ./src/Timer.o
 .ARM.attributes
                0x00000284       0x2e ./src/_initialize_hardware.o
 .ARM.attributes
                0x000002b2       0x2e ./src/main.o
 .ARM.attributes
                0x000002e0       0x2e ./src/stm32f4xx_hal_msp.o

.debug
 *(.debug)

.line
 *(.line)

.debug_srcinfo
 *(.debug_srcinfo)

.debug_sfnames
 *(.debug_sfnames)

.debug_aranges  0x00000000      0x4c0
 *(.debug_aranges)
 .debug_aranges
                0x00000000       0xc0 ./system/src/stm32f4-hal/stm32f4xx_hal.o
 .debug_aranges
                0x000000c0       0x98 ./system/src/stm32f4-hal/stm32f4xx_hal_cortex.o
 .debug_aranges
                0x00000158       0x58 ./system/src/stm32f4-hal/stm32f4xx_hal_gpio.o
 .debug_aranges
                0x000001b0       0x88 ./system/src/stm32f4-hal/stm32f4xx_hal_rcc.o
 .debug_aranges
                0x00000238       0x28 ./system/src/newlib/_exit.o
 .debug_aranges
                0x00000260       0x40 ./system/src/newlib/_startup.o
 .debug_aranges
                0x000002a0       0x30 ./system/src/newlib/_syscalls.o
 .debug_aranges
                0x000002d0       0x28 ./system/src/newlib/assert.o
 .debug_aranges
                0x000002f8       0x28 ./system/src/cortexm/_initialize_hardware.o
 .debug_aranges
                0x00000320       0x80 ./system/src/cortexm/exception_handlers.o
 .debug_aranges
                0x000003a0       0x28 ./system/src/cmsis/system_stm32f4xx.o
 .debug_aranges
                0x000003c8       0x20 ./system/src/cmsis/vectors_stm32f407xx.o
 .debug_aranges
                0x000003e8       0x20 ./src/BlinkLed.o
 .debug_aranges
                0x00000408       0x38 ./src/Timer.o
 .debug_aranges
                0x00000440       0x28 ./src/_initialize_hardware.o
 .debug_aranges
                0x00000468       0x20 ./src/main.o
 .debug_aranges
                0x00000488       0x38 ./src/stm32f4xx_hal_msp.o

.debug_pubnames
 *(.debug_pubnames)

.debug_info     0x00000000     0x5b05
 *(.debug_info .gnu.linkonce.wi.*)
 .debug_info    0x00000000      0x92c ./system/src/stm32f4-hal/stm32f4xx_hal.o
 .debug_info    0x0000092c     0x1175 ./system/src/stm32f4-hal/stm32f4xx_hal_cortex.o
 .debug_info    0x00001aa1      0x87d ./system/src/stm32f4-hal/stm32f4xx_hal_gpio.o
 .debug_info    0x0000231e      0xfc8 ./system/src/stm32f4-hal/stm32f4xx_hal_rcc.o
 .debug_info    0x000032e6       0xf1 ./system/src/newlib/_exit.o
 .debug_info    0x000033d7      0x54f ./system/src/newlib/_startup.o
 .debug_info    0x00003926      0x1c3 ./system/src/newlib/_syscalls.o
 .debug_info    0x00003ae9      0x179 ./system/src/newlib/assert.o
 .debug_info    0x00003c62      0x27f ./system/src/cortexm/_initialize_hardware.o
 .debug_info    0x00003ee1      0x263 ./system/src/cortexm/exception_handlers.o
 .debug_info    0x00004144      0x4e7 ./system/src/cmsis/system_stm32f4xx.o
 .debug_info    0x0000462b      0x10b ./system/src/cmsis/vectors_stm32f407xx.o
 .debug_info    0x00004736      0x3e5 ./src/BlinkLed.o
 .debug_info    0x00004b1b      0x70b ./src/Timer.o
 .debug_info    0x00005226      0x510 ./src/_initialize_hardware.o
 .debug_info    0x00005736      0x310 ./src/main.o
 .debug_info    0x00005a46       0xbf ./src/stm32f4xx_hal_msp.o

.debug_abbrev   0x00000000     0x1c13
 *(.debug_abbrev)
 .debug_abbrev  0x00000000      0x277 ./system/src/stm32f4-hal/stm32f4xx_hal.o
 .debug_abbrev  0x00000277      0x39a ./system/src/stm32f4-hal/stm32f4xx_hal_cortex.o
 .debug_abbrev  0x00000611      0x23f ./system/src/stm32f4-hal/stm32f4xx_hal_gpio.o
 .debug_abbrev  0x00000850      0x350 ./system/src/stm32f4-hal/stm32f4xx_hal_rcc.o
 .debug_abbrev  0x00000ba0       0xa5 ./system/src/newlib/_exit.o
 .debug_abbrev  0x00000c45      0x25a ./system/src/newlib/_startup.o
 .debug_abbrev  0x00000e9f      0x118 ./system/src/newlib/_syscalls.o
 .debug_abbrev  0x00000fb7       0xc8 ./system/src/newlib/assert.o
 .debug_abbrev  0x0000107f      0x105 ./system/src/cortexm/_initialize_hardware.o
 .debug_abbrev  0x00001184      0x128 ./system/src/cortexm/exception_handlers.o
 .debug_abbrev  0x000012ac      0x132 ./system/src/cmsis/system_stm32f4xx.o
 .debug_abbrev  0x000013de       0xb8 ./system/src/cmsis/vectors_stm32f407xx.o
 .debug_abbrev  0x00001496      0x17c ./src/BlinkLed.o
 .debug_abbrev  0x00001612      0x1f6 ./src/Timer.o
 .debug_abbrev  0x00001808      0x1dc ./src/_initialize_hardware.o
 .debug_abbrev  0x000019e4      0x1e8 ./src/main.o
 .debug_abbrev  0x00001bcc       0x47 ./src/stm32f4xx_hal_msp.o

.debug_line     0x00000000     0xa5ee
 *(.debug_line)
 .debug_line    0x00000000      0xc62 ./system/src/stm32f4-hal/stm32f4xx_hal.o
 .debug_line    0x00000c62      0xf96 ./system/src/stm32f4-hal/stm32f4xx_hal_cortex.o
 .debug_line    0x00001bf8      0xfc4 ./system/src/stm32f4-hal/stm32f4xx_hal_gpio.o
 .debug_line    0x00002bbc     0x1523 ./system/src/stm32f4-hal/stm32f4xx_hal_rcc.o
 .debug_line    0x000040df      0x2f3 ./system/src/newlib/_exit.o
 .debug_line    0x000043d2      0x56e ./system/src/newlib/_startup.o
 .debug_line    0x00004940      0x3ae ./system/src/newlib/_syscalls.o
 .debug_line    0x00004cee      0x318 ./system/src/newlib/assert.o
 .debug_line    0x00005006      0xa16 ./system/src/cortexm/_initialize_hardware.o
 .debug_line    0x00005a1c      0xc09 ./system/src/cortexm/exception_handlers.o
 .debug_line    0x00006625      0xad7 ./system/src/cmsis/system_stm32f4xx.o
 .debug_line    0x000070fc       0xfc ./system/src/cmsis/vectors_stm32f407xx.o
 .debug_line    0x000071f8      0xa10 ./src/BlinkLed.o
 .debug_line    0x00007c08      0xac7 ./src/Timer.o
 .debug_line    0x000086cf      0xa77 ./src/_initialize_hardware.o
 .debug_line    0x00009146      0xaa1 ./src/main.o
 .debug_line    0x00009be7      0xa07 ./src/stm32f4xx_hal_msp.o

.debug_frame    0x00000000      0x940
 *(.debug_frame)
 .debug_frame   0x00000000      0x188 ./system/src/stm32f4-hal/stm32f4xx_hal.o
 .debug_frame   0x00000188      0x17c ./system/src/stm32f4-hal/stm32f4xx_hal_cortex.o
 .debug_frame   0x00000304       0xfc ./system/src/stm32f4-hal/stm32f4xx_hal_gpio.o
 .debug_frame   0x00000400      0x13c ./system/src/stm32f4-hal/stm32f4xx_hal_rcc.o
 .debug_frame   0x0000053c       0x38 ./system/src/newlib/_exit.o
 .debug_frame   0x00000574       0x7c ./system/src/newlib/_startup.o
 .debug_frame   0x000005f0       0x50 ./system/src/newlib/_syscalls.o
 .debug_frame   0x00000640       0x40 ./system/src/newlib/assert.o
 .debug_frame   0x00000680       0x40 ./system/src/cortexm/_initialize_hardware.o
 .debug_frame   0x000006c0       0xe8 ./system/src/cortexm/exception_handlers.o
 .debug_frame   0x000007a8       0x30 ./system/src/cmsis/system_stm32f4xx.o
 .debug_frame   0x000007d8       0x20 ./system/src/cmsis/vectors_stm32f407xx.o
 .debug_frame   0x000007f8       0x30 ./src/BlinkLed.o
 .debug_frame   0x00000828       0x58 ./src/Timer.o
 .debug_frame   0x00000880       0x48 ./src/_initialize_hardware.o
 .debug_frame   0x000008c8       0x28 ./src/main.o
 .debug_frame   0x000008f0       0x50 ./src/stm32f4xx_hal_msp.o

.debug_str      0x00000000    0x9b0d1
 *(.debug_str)
 .debug_str     0x00000000    0x974e2 ./system/src/stm32f4-hal/stm32f4xx_hal.o
                              0x978ac (size before relaxing)
 .debug_str     0x000974e2      0x38a ./system/src/stm32f4-hal/stm32f4xx_hal_cortex.o
                              0x97716 (size before relaxing)
 .debug_str     0x0009786c      0x2dd ./system/src/stm32f4-hal/stm32f4xx_hal_gpio.o
                              0x9711f (size before relaxing)
 .debug_str     0x00097b49      0x393 ./system/src/stm32f4-hal/stm32f4xx_hal_rcc.o
                              0x972bd (size before relaxing)
 .debug_str     0x00097edc     0x10cf ./system/src/newlib/_exit.o
                               0x76e8 (size before relaxing)
 .debug_str     0x00098fab      0x2cc ./system/src/newlib/_startup.o
                               0x6479 (size before relaxing)
 .debug_str     0x00099277     0x17e0 ./system/src/newlib/_syscalls.o
                               0x7e73 (size before relaxing)
 .debug_str     0x0009aa57       0xdc ./system/src/newlib/assert.o
                               0x81f4 (size before relaxing)
 .debug_str     0x0009ab33       0x77 ./system/src/cortexm/_initialize_hardware.o
                              0x96dce (size before relaxing)
 .debug_str     0x0009abaa      0x1db ./system/src/cortexm/exception_handlers.o
                              0x97e7e (size before relaxing)
 .debug_str     0x0009ad85       0x46 ./system/src/cmsis/system_stm32f4xx.o
                              0x96ead (size before relaxing)
 .debug_str     0x0009adcb       0x59 ./system/src/cmsis/vectors_stm32f407xx.o
                               0x398a (size before relaxing)
 .debug_str     0x0009ae24      0x12e ./src/BlinkLed.o
                              0x96f99 (size before relaxing)
 .debug_str     0x0009af52       0x76 ./src/Timer.o
                              0x973d5 (size before relaxing)
 .debug_str     0x0009afc8       0x31 ./src/_initialize_hardware.o
                              0x96feb (size before relaxing)
 .debug_str     0x0009aff9       0x9b ./src/main.o
                              0x98012 (size before relaxing)
 .debug_str     0x0009b094       0x3d ./src/stm32f4xx_hal_msp.o
                              0x96d0d (size before relaxing)

.debug_loc
 *(.debug_loc)

.debug_macinfo
 *(.debug_macinfo)

.debug_weaknames
 *(.debug_weaknames)

.debug_funcnames
 *(.debug_funcnames)

.debug_typenames
 *(.debug_typenames)

.debug_varnames
 *(.debug_varnames)
OUTPUT(hello-nucleo.elf elf32-littlearm)
LOAD linker stubs

.debug_loclists
                0x00000000     0x13f4
 .debug_loclists
                0x00000000       0x89 ./system/src/stm32f4-hal/stm32f4xx_hal.o
 .debug_loclists
                0x00000089      0x584 ./system/src/stm32f4-hal/stm32f4xx_hal_cortex.o
 .debug_loclists
                0x0000060d      0x3ed ./system/src/stm32f4-hal/stm32f4xx_hal_gpio.o
 .debug_loclists
                0x000009fa      0x4d4 ./system/src/stm32f4-hal/stm32f4xx_hal_rcc.o
 .debug_loclists
                0x00000ece       0x17 ./system/src/newlib/_exit.o
 .debug_loclists
                0x00000ee5      0x2b7 ./system/src/newlib/_startup.o
 .debug_loclists
                0x0000119c       0x51 ./system/src/newlib/_syscalls.o
 .debug_loclists
                0x000011ed       0x96 ./system/src/newlib/assert.o
 .debug_loclists
                0x00001283       0xdb ./system/src/cmsis/system_stm32f4xx.o
 .debug_loclists
                0x0000135e       0x47 ./src/Timer.o
 .debug_loclists
                0x000013a5       0x4f ./src/main.o

.debug_rnglists
                0x00000000      0x39b
 .debug_rnglists
                0x00000000       0x8b ./system/src/stm32f4-hal/stm32f4xx_hal.o
 .debug_rnglists
                0x0000008b       0x9f ./system/src/stm32f4-hal/stm32f4xx_hal_cortex.o
 .debug_rnglists
                0x0000012a       0x3f ./system/src/stm32f4-hal/stm32f4xx_hal_gpio.o
 .debug_rnglists
                0x00000169       0x66 ./system/src/stm32f4-hal/stm32f4xx_hal_rcc.o
 .debug_rnglists
                0x000001cf       0x19 ./system/src/newlib/_exit.o
 .debug_rnglists
                0x000001e8       0x50 ./system/src/newlib/_startup.o
 .debug_rnglists
                0x00000238       0x1f ./system/src/newlib/_syscalls.o
 .debug_rnglists
                0x00000257       0x19 ./system/src/newlib/assert.o
 .debug_rnglists
                0x00000270       0x19 ./system/src/cortexm/_initialize_hardware.o
 .debug_rnglists
                0x00000289       0x5b ./system/src/cortexm/exception_handlers.o
 .debug_rnglists
                0x000002e4       0x1a ./system/src/cmsis/system_stm32f4xx.o
 .debug_rnglists
                0x000002fe       0x13 ./system/src/cmsis/vectors_stm32f407xx.o
 .debug_rnglists
                0x00000311       0x13 ./src/BlinkLed.o
 .debug_rnglists
                0x00000324       0x25 ./src/Timer.o
 .debug_rnglists
                0x00000349       0x1a ./src/_initialize_hardware.o
 .debug_rnglists
                0x00000363       0x13 ./src/main.o
 .debug_rnglists
                0x00000376       0x25 ./src/stm32f4xx_hal_msp.o

.debug_macro    0x00000000    0x1bd69
 .debug_macro   0x00000000      0x552 ./system/src/stm32f4-hal/stm32f4xx_hal.o
 .debug_macro   0x00000552      0xaa2 ./system/src/stm32f4-hal/stm32f4xx_hal.o
 .debug_macro   0x00000ff4      0x289 ./system/src/stm32f4-hal/stm32f4xx_hal.o
 .debug_macro   0x0000127d       0x31 ./system/src/stm32f4-hal/stm32f4xx_hal.o
 .debug_macro   0x000012ae       0x28 ./system/src/stm32f4-hal/stm32f4xx_hal.o
 .debug_macro   0x000012d6      0x34e ./system/src/stm32f4-hal/stm32f4xx_hal.o
 .debug_macro   0x00001624       0x35 ./system/src/stm32f4-hal/stm32f4xx_hal.o
 .debug_macro   0x00001659       0x50 ./system/src/stm32f4-hal/stm32f4xx_hal.o
 .debug_macro   0x000016a9      0xe66 ./system/src/stm32f4-hal/stm32f4xx_hal.o
 .debug_macro   0x0000250f     0x93f9 ./system/src/stm32f4-hal/stm32f4xx_hal.o
 .debug_macro   0x0000b908       0x43 ./system/src/stm32f4-hal/stm32f4xx_hal.o
 .debug_macro   0x0000b94b     0x347f ./system/src/stm32f4-hal/stm32f4xx_hal.o
 .debug_macro   0x0000edca       0x22 ./system/src/stm32f4-hal/stm32f4xx_hal.o
 .debug_macro   0x0000edec       0x58 ./system/src/stm32f4-hal/stm32f4xx_hal.o
 .debug_macro   0x0000ee44       0x18 ./system/src/stm32f4-hal/stm32f4xx_hal.o
 .debug_macro   0x0000ee5c       0x94 ./system/src/stm32f4-hal/stm32f4xx_hal.o
 .debug_macro   0x0000eef0       0x35 ./system/src/stm32f4-hal/stm32f4xx_hal.o
 .debug_macro   0x0000ef25       0x34 ./system/src/stm32f4-hal/stm32f4xx_hal.o
 .debug_macro   0x0000ef59       0x16 ./system/src/stm32f4-hal/stm32f4xx_hal.o
 .debug_macro   0x0000ef6f       0x57 ./system/src/stm32f4-hal/stm32f4xx_hal.o
 .debug_macro   0x0000efc6       0x97 ./system/src/stm32f4-hal/stm32f4xx_hal.o
 .debug_macro   0x0000f05d      0x341 ./system/src/stm32f4-hal/stm32f4xx_hal.o
 .debug_macro   0x0000f39e       0xfd ./system/src/stm32f4-hal/stm32f4xx_hal.o
 .debug_macro   0x0000f49b       0x10 ./system/src/stm32f4-hal/stm32f4xx_hal.o
 .debug_macro   0x0000f4ab       0x16 ./system/src/stm32f4-hal/stm32f4xx_hal.o
 .debug_macro   0x0000f4c1       0x43 ./system/src/stm32f4-hal/stm32f4xx_hal.o
 .debug_macro   0x0000f504       0x34 ./system/src/stm32f4-hal/stm32f4xx_hal.o
 .debug_macro   0x0000f538       0x10 ./system/src/stm32f4-hal/stm32f4xx_hal.o
 .debug_macro   0x0000f548       0x52 ./system/src/stm32f4-hal/stm32f4xx_hal.o
 .debug_macro   0x0000f59a      0x182 ./system/src/stm32f4-hal/stm32f4xx_hal.o
 .debug_macro   0x0000f71c       0x10 ./system/src/stm32f4-hal/stm32f4xx_hal.o
 .debug_macro   0x0000f72c       0x6a ./system/src/stm32f4-hal/stm32f4xx_hal.o
 .debug_macro   0x0000f796       0x1c ./system/src/stm32f4-hal/stm32f4xx_hal.o
 .debug_macro   0x0000f7b2       0x52 ./system/src/stm32f4-hal/stm32f4xx_hal.o
 .debug_macro   0x0000f804       0x22 ./system/src/stm32f4-hal/stm32f4xx_hal.o
 .debug_macro   0x0000f826       0x10 ./system/src/stm32f4-hal/stm32f4xx_hal.o
 .debug_macro   0x0000f836       0x52 ./system/src/stm32f4-hal/stm32f4xx_hal.o
 .debug_macro   0x0000f888       0xd5 ./system/src/stm32f4-hal/stm32f4xx_hal.o
 .debug_macro   0x0000f95d       0x1c ./system/src/stm32f4-hal/stm32f4xx_hal.o
 .debug_macro   0x0000f979       0x3d ./system/src/stm32f4-hal/stm32f4xx_hal.o
 .debug_macro   0x0000f9b6       0x16 ./system/src/stm32f4-hal/stm32f4xx_hal.o
 .debug_macro   0x0000f9cc      0x16f ./system/src/stm32f4-hal/stm32f4xx_hal.o
 .debug_macro   0x0000fb3b       0x57 ./system/src/stm32f4-hal/stm32f4xx_hal.o
 .debug_macro   0x0000fb92      0x964 ./system/src/stm32f4-hal/stm32f4xx_hal.o
 .debug_macro   0x000104f6      0x9e1 ./system/src/stm32f4-hal/stm32f4xx_hal.o
 .debug_macro   0x00010ed7      0x11e ./system/src/stm32f4-hal/stm32f4xx_hal.o
 .debug_macro   0x00010ff5      0x13e ./system/src/stm32f4-hal/stm32f4xx_hal.o
 .debug_macro   0x00011133       0x27 ./system/src/stm32f4-hal/stm32f4xx_hal.o
 .debug_macro   0x0001115a      0x287 ./system/src/stm32f4-hal/stm32f4xx_hal.o
 .debug_macro   0x000113e1       0x5f ./system/src/stm32f4-hal/stm32f4xx_hal.o
 .debug_macro   0x00011440      0x23a ./system/src/stm32f4-hal/stm32f4xx_hal.o
 .debug_macro   0x0001167a      0x391 ./system/src/stm32f4-hal/stm32f4xx_hal.o
 .debug_macro   0x00011a0b      0x16f ./system/src/stm32f4-hal/stm32f4xx_hal.o
 .debug_macro   0x00011b7a       0xf9 ./system/src/stm32f4-hal/stm32f4xx_hal.o
 .debug_macro   0x00011c73      0x36e ./system/src/stm32f4-hal/stm32f4xx_hal.o
 .debug_macro   0x00011fe1       0x23 ./system/src/stm32f4-hal/stm32f4xx_hal.o
 .debug_macro   0x00012004       0xe6 ./system/src/stm32f4-hal/stm32f4xx_hal.o
 .debug_macro   0x000120ea       0xa1 ./system/src/stm32f4-hal/stm32f4xx_hal.o
 .debug_macro   0x0001218b       0x3c ./system/src/stm32f4-hal/stm32f4xx_hal.o
 .debug_macro   0x000121c7       0x1f ./system/src/stm32f4-hal/stm32f4xx_hal.o
 .debug_macro   0x000121e6      0x1cd ./system/src/stm32f4-hal/stm32f4xx_hal.o
 .debug_macro   0x000123b3      0xcd6 ./system/src/stm32f4-hal/stm32f4xx_hal.o
 .debug_macro   0x00013089      0x13a ./system/src/stm32f4-hal/stm32f4xx_hal.o
 .debug_macro   0x000131c3      0x21e ./system/src/stm32f4-hal/stm32f4xx_hal.o
 .debug_macro   0x000133e1       0x2e ./system/src/stm32f4-hal/stm32f4xx_hal.o
 .debug_macro   0x0001340f      0x543 ./system/src/stm32f4-hal/stm32f4xx_hal.o
 .debug_macro   0x00013952       0x88 ./system/src/stm32f4-hal/stm32f4xx_hal.o
 .debug_macro   0x000139da       0xd5 ./system/src/stm32f4-hal/stm32f4xx_hal.o
 .debug_macro   0x00013aaf      0x183 ./system/src/stm32f4-hal/stm32f4xx_hal.o
 .debug_macro   0x00013c32      0x1a7 ./system/src/stm32f4-hal/stm32f4xx_hal.o
 .debug_macro   0x00013dd9       0xa5 ./system/src/stm32f4-hal/stm32f4xx_hal.o
 .debug_macro   0x00013e7e      0x18b ./system/src/stm32f4-hal/stm32f4xx_hal.o
 .debug_macro   0x00014009       0x24 ./system/src/stm32f4-hal/stm32f4xx_hal.o
 .debug_macro   0x0001402d       0x35 ./system/src/stm32f4-hal/stm32f4xx_hal.o
 .debug_macro   0x00014062       0x79 ./system/src/stm32f4-hal/stm32f4xx_hal.o
 .debug_macro   0x000140db      0x11e ./system/src/stm32f4-hal/stm32f4xx_hal.o
 .debug_macro   0x000141f9       0x7f ./system/src/stm32f4-hal/stm32f4xx_hal.o
 .debug_macro   0x00014278       0x89 ./system/src/stm32f4-hal/stm32f4xx_hal.o
 .debug_macro   0x00014301       0x7e ./system/src/stm32f4-hal/stm32f4xx_hal.o
 .debug_macro   0x0001437f      0x31a ./system/src/stm32f4-hal/stm32f4xx_hal.o
 .debug_macro   0x00014699      0x409 ./system/src/stm32f4-hal/stm32f4xx_hal.o
 .debug_macro   0x00014aa2       0xe4 ./system/src/stm32f4-hal/stm32f4xx_hal.o
 .debug_macro   0x00014b86      0x48d ./system/src/stm32f4-hal/stm32f4xx_hal.o
 .debug_macro   0x00015013      0x22b ./system/src/stm32f4-hal/stm32f4xx_hal.o
 .debug_macro   0x0001523e      0x202 ./system/src/stm32f4-hal/stm32f4xx_hal.o
 .debug_macro   0x00015440      0x6d9 ./system/src/stm32f4-hal/stm32f4xx_hal.o
 .debug_macro   0x00015b19       0x5b ./system/src/stm32f4-hal/stm32f4xx_hal.o
 .debug_macro   0x00015b74      0x14d ./system/src/stm32f4-hal/stm32f4xx_hal.o
 .debug_macro   0x00015cc1      0x287 ./system/src/stm32f4-hal/stm32f4xx_hal.o
 .debug_macro   0x00015f48      0x225 ./system/src/stm32f4-hal/stm32f4xx_hal.o
 .debug_macro   0x0001616d      0x1b5 ./system/src/stm32f4-hal/stm32f4xx_hal.o
 .debug_macro   0x00016322      0x2db ./system/src/stm32f4-hal/stm32f4xx_hal.o
 .debug_macro   0x000165fd       0x89 ./system/src/stm32f4-hal/stm32f4xx_hal.o
 .debug_macro   0x00016686      0x1df ./system/src/stm32f4-hal/stm32f4xx_hal.o
 .debug_macro   0x00016865      0x115 ./system/src/stm32f4-hal/stm32f4xx_hal.o
 .debug_macro   0x0001697a       0x6e ./system/src/stm32f4-hal/stm32f4xx_hal.o
 .debug_macro   0x000169e8      0x125 ./system/src/stm32f4-hal/stm32f4xx_hal.o
 .debug_macro   0x00016b0d      0x504 ./system/src/stm32f4-hal/stm32f4xx_hal_cortex.o
 .debug_macro   0x00017011      0x53c ./system/src/stm32f4-hal/stm32f4xx_hal_gpio.o
 .debug_macro   0x0001754d      0x52e ./system/src/stm32f4-hal/stm32f4xx_hal_rcc.o
 .debug_macro   0x00017a7b      0x1ae ./system/src/newlib/_exit.o
 .debug_macro   0x00017c29      0x10e ./system/src/newlib/_exit.o
 .debug_macro   0x00017d37       0x8d ./system/src/newlib/_exit.o
 .debug_macro   0x00017dc4       0x35 ./system/src/newlib/_exit.o
 .debug_macro   0x00017df9      0x15f ./system/src/newlib/_startup.o
 .debug_macro   0x00017f58      0xaa8 ./system/src/newlib/_startup.o
 .debug_macro   0x00018a00      0x1ed ./system/src/newlib/_syscalls.o
 .debug_macro   0x00018bed       0x1c ./system/src/newlib/_syscalls.o
 .debug_macro   0x00018c09       0x10 ./system/src/newlib/_syscalls.o
 .debug_macro   0x00018c19       0x10 ./system/src/newlib/_syscalls.o
 .debug_macro   0x00018c29       0x10 ./system/src/newlib/_syscalls.o
 .debug_macro   0x00018c39       0x35 ./system/src/newlib/_syscalls.o
 .debug_macro   0x00018c6e      0x12c ./system/src/newlib/_syscalls.o
 .debug_macro   0x00018d9a       0xce ./system/src/newlib/_syscalls.o
 .debug_macro   0x00018e68      0x10c ./system/src/newlib/_syscalls.o
 .debug_macro   0x00018f74      0x189 ./system/src/newlib/_syscalls.o
 .debug_macro   0x000190fd       0x16 ./system/src/newlib/_syscalls.o
 .debug_macro   0x00019113      0x1ca ./system/src/newlib/assert.o
 .debug_macro   0x000192dd       0x1c ./system/src/newlib/assert.o
 .debug_macro   0x000192f9      0x50e ./system/src/cortexm/_initialize_hardware.o
 .debug_macro   0x00019807      0x577 ./system/src/cortexm/exception_handlers.o
 .debug_macro   0x00019d7e       0x3b ./system/src/cortexm/exception_handlers.o
 .debug_macro   0x00019db9       0x22 ./system/src/cortexm/exception_handlers.o
 .debug_macro   0x00019ddb       0x16 ./system/src/cortexm/exception_handlers.o
 .debug_macro   0x00019df1      0x50a ./system/src/cmsis/system_stm32f4xx.o
 .debug_macro   0x0001a2fb       0x34 ./system/src/cmsis/vectors_stm32f407xx.o
 .debug_macro   0x0001a32f      0x513 ./src/BlinkLed.o
 .debug_macro   0x0001a842       0x28 ./src/BlinkLed.o
 .debug_macro   0x0001a86a      0x527 ./src/Timer.o
 .debug_macro   0x0001ad91       0x10 ./src/Timer.o
 .debug_macro   0x0001ada1      0x504 ./src/_initialize_hardware.o
 .debug_macro   0x0001b2a5      0x592 ./src/main.o
 .debug_macro   0x0001b837       0x2e ./src/main.o
 .debug_macro   0x0001b865      0x504 ./src/stm32f4xx_hal_msp.o
